// Jest Snapshot v1, https://goo.gl/fbAQLP

exports[`Button tests Simulator onClick instead of onPress 1`] = `
<View
  accessible={true}
  focusable={true}
  onClick={[Function]}
  onResponderGrant={[Function]}
  onResponderMove={[Function]}
  onResponderRelease={[Function]}
  onResponderTerminate={[Function]}
  onResponderTerminationRequest={[Function]}
  onStartShouldSetResponder={[Function]}
  style={
    Object {
      "alignItems": "center",
      "backgroundColor": "#FFF",
      "borderColor": "#009ACD",
      "borderRadius": 30,
      "borderStyle": "solid",
      "borderWidth": 1,
      "justifyContent": "center",
      "marginBottom": 5,
      "marginLeft": 5,
      "marginRight": 5,
      "marginTop": 5,
      "opacity": 1,
      "paddingBottom": 10,
      "paddingLeft": 10,
      "paddingRight": 10,
      "paddingTop": 10,
      "width": 150,
    }
  }
>
  <Text
    style={
      Array [
        Object {
          "color": "#00BFFF",
          "fontSize": 20,
          "fontWeight": "bold",
        },
      ]
    }
  />
</View>
`;
