// Jest Snapshot v1, https://goo.gl/fbAQLP

exports[`Should render correctly 1`] = `
<ActivityIndicator
  animating={true}
  color="#FFF"
  hidesWhenStopped={true}
  size="large"
/>
`;
