// Jest Snapshot v1, https://goo.gl/fbAQLP

exports[`Should render correctly 1`] = `
<View
  style={
    Array [
      Object {
        "flexBasis": 0,
        "flexGrow": 1,
        "flexShrink": 1,
      },
    ]
  }
>
  <View
    style={
      Array [
        Object {
          "alignItems": "flex-start",
        },
      ]
    }
  >
    <Text
      style={
        Array [
          Object {
            "color": "#FFF",
            "fontSize": 22,
          },
        ]
      }
    >
      Angra dos Reis
       - 
      BR
    </Text>
    <View
      style={
        Array [
          Object {
            "alignItems": "center",
            "flexDirection": "row",
          },
        ]
      }
    >
      <View
        style={
          Array [
            Object {
              "alignItems": "flex-start",
            },
          ]
        }
      >
        <Text
          style={
            Array [
              Object {
                "color": "#FFF",
                "fontSize": 60,
                "fontWeight": "200",
              },
            ]
          }
        >
          28
          째
        </Text>
        <View
          style={
            Array [
              Object {
                "alignItems": "center",
                "flexDirection": "row",
              },
            ]
          }
        >
          <Text
            style={
              Array [
                Object {
                  "color": "#FFF",
                  "fontSize": 16,
                  "fontWeight": "400",
                  "marginRight": 6,
                },
              ]
            }
          >
            H: 
            30
            째
          </Text>
          <Text
            style={
              Array [
                Object {
                  "color": "#FFF",
                  "fontSize": 16,
                  "fontWeight": "400",
                  "marginRight": 6,
                },
              ]
            }
          >
            L: 
            24
            째
          </Text>
        </View>
      </View>
      <View
        style={
          Array [
            Object {
              "alignSelf": "center",
            },
          ]
        }
      >
        <Image
          source={
            Object {
              "uri": "https://openweathermap.org/img/wn/03d@4x.png",
            }
          }
          style={
            Object {
              "height": 200,
              "width": 200,
            }
          }
        />
      </View>
    </View>
  </View>
  <View
    style={
      Array [
        Object {
          "alignItems": "flex-start",
        },
      ]
    }
  >
    <Text
      style={
        Array [
          Object {
            "color": "#FFF",
            "fontSize": 26,
            "paddingBottom": 10,
          },
        ]
      }
    >
      Clouds
    </Text>
    <Text
      style={
        Array [
          Object {
            "color": "#FFF",
            "fontSize": 18,
            "fontWeight": "400",
            "marginTop": 5,
          },
        ]
      }
    >
      Feels like: 
      29
      째
    </Text>
    <Text
      style={
        Array [
          Object {
            "color": "#FFF",
            "fontSize": 18,
            "fontWeight": "400",
            "marginTop": 5,
          },
        ]
      }
    >
      Wind: 
      14
      km/h
    </Text>
    <Text
      style={
        Array [
          Object {
            "color": "#FFF",
            "fontSize": 18,
            "fontWeight": "400",
            "marginTop": 5,
          },
        ]
      }
    >
      Humidity: 
      72
      %
    </Text>
    <Text
      style={
        Array [
          Object {
            "color": "#FFF",
            "fontSize": 18,
            "fontWeight": "400",
            "marginTop": 5,
          },
        ]
      }
    >
      Pressure: 
      1003
      hPa
    </Text>
  </View>
  <Text
    style={
      Array [
        Object {
          "color": "#FFF",
          "fontSize": 16,
          "fontStyle": "italic",
          "marginTop": 40,
          "textAlign": "center",
        },
      ]
    }
  >
    It's a good day to be outside, but be careful, there are some clouds.
  </Text>
</View>
`;
